Last login: Tue Nov 18 20:36:23 2025 from 35.235.245.162
jeremy_leeder@btln000629:~$ ls
dagify-main.zip
jeremy_leeder@btln000629:~$ unzip dagify-main.zip
-bash: unzip: command not found
jeremy_leeder@btln000629:~$ gunzip dagify-main.zip
gzip: dagify-main.zip: unknown suffix -- ignored
jeremy_leeder@btln000629:~$ sudo apt install unzip
Reading package lists... Done
Building dependency tree... Done
Reading state information... Done
Suggested packages:
  zip
The following NEW packages will be installed:
  unzip
0 upgraded, 1 newly installed, 0 to remove and 4 not upgraded.
Need to get 166 kB of archives.
After this operation, 388 kB of additional disk space will be used.
Get:1 file:/etc/apt/mirrors/debian.list Mirrorlist [30 B]
Get:2 https://deb.debian.org/debian bookworm/main amd64 unzip amd64 6.0-28 [166 kB]
Fetched 166 kB in 0s (931 kB/s)
Selecting previously unselected package unzip.
(Reading database ... 76918 files and directories currently installed.)
Preparing to unpack .../unzip_6.0-28_amd64.deb ...
Unpacking unzip (6.0-28) ...
Setting up unzip (6.0-28) ...
Processing triggers for man-db (2.11.2-2) ...
jeremy_leeder@btln000629:~$ unzip dagify-main.zip
Archive:  dagify-main.zip
e01a4e48a2644850f91fc88d3ea3f68e38b775d3
   creating: dagify-main/
  inflating: dagify-main/.dockerignore  
  inflating: dagify-main/.env.example  
   creating: dagify-main/.github/
   creating: dagify-main/.github/workflows/
  inflating: dagify-main/.github/workflows/python_workflow.yaml  
  inflating: dagify-main/.gitignore  
  inflating: dagify-main/CONTRIBUTING.md  
  inflating: dagify-main/DAGify.py   
  inflating: dagify-main/Dockerfile  
  inflating: dagify-main/LICENSE     
  inflating: dagify-main/Makefile    
  inflating: dagify-main/README.md   
  inflating: dagify-main/config.yaml  
   creating: dagify-main/dagify/
  inflating: dagify-main/dagify/.gitignore  
  inflating: dagify-main/dagify/__init__.py  
   creating: dagify-main/dagify/converter/
  inflating: dagify-main/dagify/converter/__init__.py  
  inflating: dagify-main/dagify/converter/automic.py  
  inflating: dagify-main/dagify/converter/controlm.py  
  inflating: dagify-main/dagify/converter/engine.py  
  inflating: dagify-main/dagify/converter/report_generator.py  
  inflating: dagify-main/dagify/converter/rules.py  
   creating: dagify-main/dagify/converter/templates/
  inflating: dagify-main/dagify/converter/templates/dag.tmpl  
  inflating: dagify-main/dagify/converter/uf.py  
  inflating: dagify-main/dagify/converter/utils.py  
   creating: dagify-main/dagify/converter/yaml_validator/
  inflating: dagify-main/dagify/converter/yaml_validator/__init__.py  
  inflating: dagify-main/dagify/converter/yaml_validator/custom_validator.py  
  inflating: dagify-main/dagify/converter/yaml_validator/schema.yaml  
  inflating: dagify-main/dagify/setup.py  
   creating: dagify-main/dagify/templates/
  inflating: dagify-main/dagify/templates/automic-dummy-to-airflow-dummy.yaml  
  inflating: dagify-main/dagify/templates/control-m-command-to-airflow-bash.yaml  
  inflating: dagify-main/dagify/templates/control-m-command-to-airflow-gke-start-job.yaml  
  inflating: dagify-main/dagify/templates/control-m-command-to-airflow-python.yaml  
  inflating: dagify-main/dagify/templates/control-m-command-to-airflow-ssh-gce.yaml  
  inflating: dagify-main/dagify/templates/control-m-command-to-airflow-ssh.yaml  
  inflating: dagify-main/dagify/templates/control-m-dummy-to-airflow-dummy.yaml  
   creating: dagify-main/dagify/test/
  inflating: dagify-main/dagify/test/__init__.py  
   creating: dagify-main/dagify/test/integration/
  inflating: dagify-main/dagify/test/integration/regenerate_int_tests.sh  
  inflating: dagify-main/dagify/test/integration/run_integration-tests.sh  
   creating: dagify-main/dagify/test/integration/test_data/
  inflating: dagify-main/dagify/test/integration/test_data/009-fast-x.xml  
  inflating: dagify-main/dagify/test/integration/test_data/010-fast-x.xml  
  inflating: dagify-main/dagify/test/integration/test_data/011-fast-x.xml  
  inflating: dagify-main/dagify/test/integration/test_data/012-fast-x.xml  
   creating: dagify-main/dagify/test/integration/test_references/
   creating: dagify-main/dagify/test/integration/test_references/009-fast-x/
  inflating: dagify-main/dagify/test/integration/test_references/009-fast-x/fast_x_reports.py  
   creating: dagify-main/dagify/test/integration/test_references/010-fast-x/
  inflating: dagify-main/dagify/test/integration/test_references/010-fast-x/fx_fld_001_app_001_subapp_001.py  
   creating: dagify-main/dagify/test/integration/test_references/011-fast-x/
  inflating: dagify-main/dagify/test/integration/test_references/011-fast-x/fx_fld_001_app_001_subapp_001.py  
  inflating: dagify-main/dagify/test/integration/test_references/011-fast-x/fx_fld_001_app_002_subapp_001.py  
  inflating: dagify-main/dagify/test/integration/test_references/011-fast-x/fx_fld_001_app_002_subapp_002.py  
  inflating: dagify-main/dagify/test/integration/test_references/011-fast-x/fx_fld_002_app_001_subapp_001.py  
   creating: dagify-main/dagify/test/integration/test_references/012-fast-x/
  inflating: dagify-main/dagify/test/integration/test_references/012-fast-x/fx_fld_001_app_001_subapp_001.py  
  inflating: dagify-main/dagify/test/integration/test_references/012-fast-x/fx_fld_002_app_001_subapp_001.py  
  inflating: dagify-main/dagify/test/test_converter.py  
  inflating: dagify-main/dagify/test/test_utils.py  
  inflating: dagify-main/entrypoint.sh  
  inflating: dagify-main/renovate.json  
  inflating: dagify-main/requirements.txt  
   creating: dagify-main/sample_data/
   creating: dagify-main/sample_data/control-m/
  inflating: dagify-main/sample_data/control-m/001-tfatf.xml  
  inflating: dagify-main/sample_data/control-m/002-tftf.xml  
   creating: dagify-main/ui/
  inflating: dagify-main/ui/app.py   
   creating: dagify-main/ui/static/
   creating: dagify-main/ui/static/assets/
   creating: dagify-main/ui/static/assets/img/
  inflating: dagify-main/ui/static/assets/img/github_logo.svg  
  inflating: dagify-main/ui/static/assets/img/google_logo.svg  
  inflating: dagify-main/ui/static/style.css  
   creating: dagify-main/ui/templates/
  inflating: dagify-main/ui/templates/index.html  
  inflating: dagify-main/validate_templates.py  
jeremy_leeder@btln000629:~$ ls -l
total 76
drwxr-xr-x 6 jeremy_leeder jeremy_leeder  4096 Nov 17 10:25 dagify-main
-rw-r--r-- 1 jeremy_leeder jeremy_leeder 73683 Nov 18 21:04 dagify-main.zip
jeremy_leeder@btln000629:~$ rm dagify-main.zip
jeremy_leeder@btln000629:~$ ls -l
total 4
drwxr-xr-x 6 jeremy_leeder jeremy_leeder 4096 Nov 17 10:25 dagify-main
jeremy_leeder@btln000629:~$ cd dagify-main
jeremy_leeder@btln000629:~/dagify-main$ ls -l
total 72
-rw-r--r-- 1 jeremy_leeder jeremy_leeder  3028 Nov 17 10:25 CONTRIBUTING.md
-rwxr-xr-x 1 jeremy_leeder jeremy_leeder  3842 Nov 17 10:25 DAGify.py
-rw-r--r-- 1 jeremy_leeder jeremy_leeder   234 Nov 17 10:25 Dockerfile
-rw-r--r-- 1 jeremy_leeder jeremy_leeder 11357 Nov 17 10:25 LICENSE
-rw-r--r-- 1 jeremy_leeder jeremy_leeder  2151 Nov 17 10:25 Makefile
-rw-r--r-- 1 jeremy_leeder jeremy_leeder 11084 Nov 17 10:25 README.md
-rw-r--r-- 1 jeremy_leeder jeremy_leeder  1333 Nov 17 10:25 config.yaml
drwxr-xr-x 5 jeremy_leeder jeremy_leeder  4096 Nov 17 10:25 dagify
-rwxr-xr-x 1 jeremy_leeder jeremy_leeder   355 Nov 17 10:25 entrypoint.sh
-rw-r--r-- 1 jeremy_leeder jeremy_leeder   114 Nov 17 10:25 renovate.json
-rw-r--r-- 1 jeremy_leeder jeremy_leeder   356 Nov 17 10:25 requirements.txt
drwxr-xr-x 3 jeremy_leeder jeremy_leeder  4096 Nov 17 10:25 sample_data
drwxr-xr-x 4 jeremy_leeder jeremy_leeder  4096 Nov 17 10:25 ui
-rw-r--r-- 1 jeremy_leeder jeremy_leeder  1235 Nov 17 10:25 validate_templates.py
jeremy_leeder@btln000629:~/dagify-main$ cd dagify
jeremy_leeder@btln000629:~/dagify-main/dagify$ ls
__init__.py  converter  setup.py  templates  test
jeremy_leeder@btln000629:~/dagify-main/dagify$ make dagify-clean
-bash: make: command not found
jeremy_leeder@btln000629:~/dagify-main/dagify$ sudo apt install make
Reading package lists... Done
Building dependency tree... Done
Reading state information... Done
Suggested packages:
  make-doc
The following NEW packages will be installed:
  make
0 upgraded, 1 newly installed, 0 to remove and 4 not upgraded.
Need to get 396 kB of archives.
After this operation, 1630 kB of additional disk space will be used.
Get:1 file:/etc/apt/mirrors/debian.list Mirrorlist [30 B]
Get:2 https://deb.debian.org/debian bookworm/main amd64 make amd64 4.3-4.1 [396 kB]
Fetched 396 kB in 0s (2789 kB/s)
Selecting previously unselected package make.
(Reading database ... 76936 files and directories currently installed.)
Preparing to unpack .../make_4.3-4.1_amd64.deb ...
Unpacking make (4.3-4.1) ...
Setting up make (4.3-4.1) ...
Processing triggers for man-db (2.11.2-2) ...
jeremy_leeder@btln000629:~/dagify-main/dagify$ make dagify-clean
make: *** No rule to make target 'dagify-clean'.  Stop.
jeremy_leeder@btln000629:~/dagify-main/dagify$ cd ..
jeremy_leeder@btln000629:~/dagify-main$ ls -l
total 72
-rw-r--r-- 1 jeremy_leeder jeremy_leeder  3028 Nov 17 10:25 CONTRIBUTING.md
-rwxr-xr-x 1 jeremy_leeder jeremy_leeder  3842 Nov 17 10:25 DAGify.py
-rw-r--r-- 1 jeremy_leeder jeremy_leeder   234 Nov 17 10:25 Dockerfile
-rw-r--r-- 1 jeremy_leeder jeremy_leeder 11357 Nov 17 10:25 LICENSE
-rw-r--r-- 1 jeremy_leeder jeremy_leeder  2151 Nov 17 10:25 Makefile
-rw-r--r-- 1 jeremy_leeder jeremy_leeder 11084 Nov 17 10:25 README.md
-rw-r--r-- 1 jeremy_leeder jeremy_leeder  1333 Nov 17 10:25 config.yaml
drwxr-xr-x 5 jeremy_leeder jeremy_leeder  4096 Nov 17 10:25 dagify
-rwxr-xr-x 1 jeremy_leeder jeremy_leeder   355 Nov 17 10:25 entrypoint.sh
-rw-r--r-- 1 jeremy_leeder jeremy_leeder   114 Nov 17 10:25 renovate.json
-rw-r--r-- 1 jeremy_leeder jeremy_leeder   356 Nov 17 10:25 requirements.txt
drwxr-xr-x 3 jeremy_leeder jeremy_leeder  4096 Nov 17 10:25 sample_data
drwxr-xr-x 4 jeremy_leeder jeremy_leeder  4096 Nov 17 10:25 ui
-rw-r--r-- 1 jeremy_leeder jeremy_leeder  1235 Nov 17 10:25 validate_templates.py
jeremy_leeder@btln000629:~/dagify-main$ make dagify-clean
Cleaning dagify Package
( \
        rm -rf ./output; \
        rm -rf ./venv; \
        python3 -m venv ./venv; \
        source ./venv/bin/activate; \
        pip install -r ./requirements.txt; \
)
The virtual environment was not created successfully because ensurepip is not
available.  On Debian/Ubuntu systems, you need to install the python3-venv
package using the following command.

    apt install python3.11-venv

You may need to use sudo with that command.  After installing the python3-venv
package, recreate your virtual environment.

Failing command: /home/jeremy_leeder/dagify-main/venv/bin/python3

bash: line 5: ./venv/bin/activate: No such file or directory
bash: line 6: pip: command not found
make: *** [Makefile:23: dagify-clean] Error 127
jeremy_leeder@btln000629:~/dagify-main$ source venv/bin/activate
-bash: venv/bin/activate: No such file or directory
jeremy_leeder@btln000629:~/dagify-main$ which python
jeremy_leeder@btln000629:~/dagify-main$ sudo apt install python
Reading package lists... Done
Building dependency tree... Done
Reading state information... Done
Package python is not available, but is referred to by another package.
This may mean that the package is missing, has been obsoleted, or
is only available from another source
However the following packages replace it:
  python-is-python3 2to3

E: Package 'python' has no installation candidate
jeremy_leeder@btln000629:~/dagify-main$ sudo apt install python3
Reading package lists... Done
Building dependency tree... Done
Reading state information... Done
python3 is already the newest version (3.11.2-1+b1).
0 upgraded, 0 newly installed, 0 to remove and 4 not upgraded.
jeremy_leeder@btln000629:~/dagify-main$ which python3
/usr/bin/python3
jeremy_leeder@btln000629:~/dagify-main$ source venv/bin/activate
-bash: venv/bin/activate: No such file or directory
jeremy_leeder@btln000629:~/dagify-main$ ls -l
total 76
-rw-r--r-- 1 jeremy_leeder jeremy_leeder  3028 Nov 17 10:25 CONTRIBUTING.md
-rwxr-xr-x 1 jeremy_leeder jeremy_leeder  3842 Nov 17 10:25 DAGify.py
-rw-r--r-- 1 jeremy_leeder jeremy_leeder   234 Nov 17 10:25 Dockerfile
-rw-r--r-- 1 jeremy_leeder jeremy_leeder 11357 Nov 17 10:25 LICENSE
-rw-r--r-- 1 jeremy_leeder jeremy_leeder  2151 Nov 17 10:25 Makefile
-rw-r--r-- 1 jeremy_leeder jeremy_leeder 11084 Nov 17 10:25 README.md
-rw-r--r-- 1 jeremy_leeder jeremy_leeder  1333 Nov 17 10:25 config.yaml
drwxr-xr-x 5 jeremy_leeder jeremy_leeder  4096 Nov 17 10:25 dagify
-rwxr-xr-x 1 jeremy_leeder jeremy_leeder   355 Nov 17 10:25 entrypoint.sh
-rw-r--r-- 1 jeremy_leeder jeremy_leeder   114 Nov 17 10:25 renovate.json
-rw-r--r-- 1 jeremy_leeder jeremy_leeder   356 Nov 17 10:25 requirements.txt
drwxr-xr-x 3 jeremy_leeder jeremy_leeder  4096 Nov 17 10:25 sample_data
drwxr-xr-x 4 jeremy_leeder jeremy_leeder  4096 Nov 17 10:25 ui
-rw-r--r-- 1 jeremy_leeder jeremy_leeder  1235 Nov 17 10:25 validate_templates.py
drwxr-xr-x 5 jeremy_leeder jeremy_leeder  4096 Nov 18 21:11 venv
jeremy_leeder@btln000629:~/dagify-main$ cd dagify
jeremy_leeder@btln000629:~/dagify-main/dagify$ ls -l
total 20
-rw-r--r-- 1 jeremy_leeder jeremy_leeder  574 Nov 17 10:25 __init__.py
drwxr-xr-x 4 jeremy_leeder jeremy_leeder 4096 Nov 17 10:25 converter
-rw-r--r-- 1 jeremy_leeder jeremy_leeder 2027 Nov 17 10:25 setup.py
drwxr-xr-x 2 jeremy_leeder jeremy_leeder 4096 Nov 17 10:25 templates
drwxr-xr-x 3 jeremy_leeder jeremy_leeder 4096 Nov 17 10:25 test
jeremy_leeder@btln000629:~/dagify-main/dagify$ cd ..
jeremy_leeder@btln000629:~/dagify-main$ source venv/bin/activate
-bash: venv/bin/activate: No such file or directory
jeremy_leeder@btln000629:~/dagify-main$ ls -l venv
total 16
drwxr-xr-x 2 jeremy_leeder jeremy_leeder 4096 Nov 18 21:11 bin
drwxr-xr-x 3 jeremy_leeder jeremy_leeder 4096 Nov 18 21:11 include
drwxr-xr-x 3 jeremy_leeder jeremy_leeder 4096 Nov 18 21:11 lib
lrwxrwxrwx 1 jeremy_leeder jeremy_leeder    3 Nov 18 21:11 lib64 -> lib
-rw-r--r-- 1 jeremy_leeder jeremy_leeder  175 Nov 18 21:11 pyvenv.cfg
jeremy_leeder@btln000629:~/dagify-main$ ls -l venv/bin/activate
ls: cannot access 'venv/bin/activate': No such file or directory
jeremy_leeder@btln000629:~/dagify-main$ ls -l venv/bin/
total 0
lrwxrwxrwx 1 jeremy_leeder jeremy_leeder  7 Nov 18 21:11 python -> python3
lrwxrwxrwx 1 jeremy_leeder jeremy_leeder 16 Nov 18 21:11 python3 -> /usr/bin/python3
lrwxrwxrwx 1 jeremy_leeder jeremy_leeder  7 Nov 18 21:11 python3.11 -> python3
jeremy_leeder@btln000629:~/dagify-main$ pwd
/home/jeremy_leeder/dagify-main
jeremy_leeder@btln000629:~/dagify-main$ source ./venv/bin/activat
-bash: ./venv/bin/activat: No such file or directory
jeremy_leeder@btln000629:~/dagify-main$ source ./venv/bin/activate
-bash: ./venv/bin/activate: No such file or directory
jeremy_leeder@btln000629:~/dagify-main$ ls -l
total 76
-rw-r--r-- 1 jeremy_leeder jeremy_leeder  3028 Nov 17 10:25 CONTRIBUTING.md
-rwxr-xr-x 1 jeremy_leeder jeremy_leeder  3842 Nov 17 10:25 DAGify.py
-rw-r--r-- 1 jeremy_leeder jeremy_leeder   234 Nov 17 10:25 Dockerfile
-rw-r--r-- 1 jeremy_leeder jeremy_leeder 11357 Nov 17 10:25 LICENSE
-rw-r--r-- 1 jeremy_leeder jeremy_leeder  2151 Nov 17 10:25 Makefile
-rw-r--r-- 1 jeremy_leeder jeremy_leeder 11084 Nov 17 10:25 README.md
-rw-r--r-- 1 jeremy_leeder jeremy_leeder  1333 Nov 17 10:25 config.yaml
drwxr-xr-x 5 jeremy_leeder jeremy_leeder  4096 Nov 17 10:25 dagify
-rwxr-xr-x 1 jeremy_leeder jeremy_leeder   355 Nov 17 10:25 entrypoint.sh
-rw-r--r-- 1 jeremy_leeder jeremy_leeder   114 Nov 17 10:25 renovate.json
-rw-r--r-- 1 jeremy_leeder jeremy_leeder   356 Nov 17 10:25 requirements.txt
drwxr-xr-x 3 jeremy_leeder jeremy_leeder  4096 Nov 17 10:25 sample_data
drwxr-xr-x 4 jeremy_leeder jeremy_leeder  4096 Nov 17 10:25 ui
-rw-r--r-- 1 jeremy_leeder jeremy_leeder  1235 Nov 17 10:25 validate_templates.py
drwxr-xr-x 5 jeremy_leeder jeremy_leeder  4096 Nov 18 21:11 venv
jeremy_leeder@btln000629:~/dagify-main$ sudo apt install python3.11-venv
Reading package lists... Done
Building dependency tree... Done
Reading state information... Done
The following additional packages will be installed:
  python3-distutils python3-lib2to3 python3-pip-whl python3-setuptools-whl
The following NEW packages will be installed:
  python3-distutils python3-lib2to3 python3-pip-whl python3-setuptools-whl python3.11-venv
0 upgraded, 5 newly installed, 0 to remove and 4 not upgraded.
Need to get 3042 kB of archives.
After this operation, 4192 kB of additional disk space will be used.
Do you want to continue? [Y/n] y
Get:1 file:/etc/apt/mirrors/debian.list Mirrorlist [30 B]
Get:2 https://deb.debian.org/debian bookworm/main amd64 python3-lib2to3 all 3.11.2-3 [76.3 kB]
Get:3 https://deb.debian.org/debian bookworm/main amd64 python3-distutils all 3.11.2-3 [131 kB]
Get:4 https://deb.debian.org/debian bookworm/main amd64 python3-pip-whl all 23.0.1+dfsg-1 [1717 kB]
Get:5 https://deb.debian.org/debian bookworm/main amd64 python3-setuptools-whl all 66.1.1-1+deb12u2 [1112 kB]
Get:6 https://deb.debian.org/debian bookworm/main amd64 python3.11-venv amd64 3.11.2-6+deb12u6 [5896 B]
Fetched 3042 kB in 0s (16.8 MB/s)
Selecting previously unselected package python3-lib2to3.
(Reading database ... 76984 files and directories currently installed.)
Preparing to unpack .../python3-lib2to3_3.11.2-3_all.deb ...
Unpacking python3-lib2to3 (3.11.2-3) ...
Selecting previously unselected package python3-distutils.
Preparing to unpack .../python3-distutils_3.11.2-3_all.deb ...
Unpacking python3-distutils (3.11.2-3) ...
Selecting previously unselected package python3-pip-whl.
Preparing to unpack .../python3-pip-whl_23.0.1+dfsg-1_all.deb ...
Unpacking python3-pip-whl (23.0.1+dfsg-1) ...
Selecting previously unselected package python3-setuptools-whl.
Preparing to unpack .../python3-setuptools-whl_66.1.1-1+deb12u2_all.deb ...
Unpacking python3-setuptools-whl (66.1.1-1+deb12u2) ...
Selecting previously unselected package python3.11-venv.
Preparing to unpack .../python3.11-venv_3.11.2-6+deb12u6_amd64.deb ...
Unpacking python3.11-venv (3.11.2-6+deb12u6) ...
Setting up python3-setuptools-whl (66.1.1-1+deb12u2) ...
Setting up python3-pip-whl (23.0.1+dfsg-1) ...
Setting up python3-lib2to3 (3.11.2-3) ...
Setting up python3-distutils (3.11.2-3) ...
Setting up python3.11-venv (3.11.2-6+deb12u6) ...
jeremy_leeder@btln000629:~/dagify-main$ make dagify-clean
Cleaning dagify Package
( \
        rm -rf ./output; \
        rm -rf ./venv; \
        python3 -m venv ./venv; \
        source ./venv/bin/activate; \
        pip install -r ./requirements.txt; \
)
Collecting autopep8==2.3.2
  Downloading autopep8-2.3.2-py2.py3-none-any.whl (45 kB)
     ━━━━━━━━━━━━━━━━━━━━━━━━━━━━━━━━━━━━━━━━ 45.8/45.8 kB 2.2 MB/s eta 0:00:00
Collecting click==8.3.0
  Downloading click-8.3.0-py3-none-any.whl (107 kB)
     ━━━━━━━━━━━━━━━━━━━━━━━━━━━━━━━━━━━━━━━━ 107.3/107.3 kB 7.1 MB/s eta 0:00:00
Collecting flake8==7.3.0
  Downloading flake8-7.3.0-py2.py3-none-any.whl (57 kB)
     ━━━━━━━━━━━━━━━━━━━━━━━━━━━━━━━━━━━━━━━━ 57.9/57.9 kB 9.6 MB/s eta 0:00:00
Collecting Jinja2==3.1.6
  Downloading jinja2-3.1.6-py3-none-any.whl (134 kB)
     ━━━━━━━━━━━━━━━━━━━━━━━━━━━━━━━━━━━━━━━━ 134.9/134.9 kB 21.0 MB/s eta 0:00:00
Collecting lxml==6.0.2
  Downloading lxml-6.0.2-cp311-cp311-manylinux_2_26_x86_64.manylinux_2_28_x86_64.whl (5.2 MB)
     ━━━━━━━━━━━━━━━━━━━━━━━━━━━━━━━━━━━━━━━━ 5.2/5.2 MB 47.4 MB/s eta 0:00:00
Collecting MarkupSafe==3.0.2
  Downloading MarkupSafe-3.0.2-cp311-cp311-manylinux_2_17_x86_64.manylinux2014_x86_64.whl (23 kB)
Collecting mccabe==0.7.0
  Downloading mccabe-0.7.0-py2.py3-none-any.whl (7.3 kB)
Collecting numpy==2.3.3
  Downloading numpy-2.3.3-cp311-cp311-manylinux_2_27_x86_64.manylinux_2_28_x86_64.whl (16.9 MB)
     ━━━━━━━━━━━━━━━━━━━━━━━━━━━━━━━━━━━━━━━━ 16.9/16.9 MB 32.0 MB/s eta 0:00:00
Collecting pandas==2.3.3
  Downloading pandas-2.3.3-cp311-cp311-manylinux_2_24_x86_64.manylinux_2_28_x86_64.whl (12.8 MB)
     ━━━━━━━━━━━━━━━━━━━━━━━━━━━━━━━━━━━━━━━━ 12.8/12.8 MB 47.8 MB/s eta 0:00:00
Collecting pycodestyle==2.14.0
  Downloading pycodestyle-2.14.0-py2.py3-none-any.whl (31 kB)
Collecting pyflakes==3.4.0
  Downloading pyflakes-3.4.0-py2.py3-none-any.whl (63 kB)
     ━━━━━━━━━━━━━━━━━━━━━━━━━━━━━━━━━━━━━━━━ 63.6/63.6 kB 9.9 MB/s eta 0:00:00
Collecting python-dateutil==2.9.0.post0
  Downloading python_dateutil-2.9.0.post0-py2.py3-none-any.whl (229 kB)
     ━━━━━━━━━━━━━━━━━━━━━━━━━━━━━━━━━━━━━━━━ 229.9/229.9 kB 25.4 MB/s eta 0:00:00
Collecting pytz==2025.2
  Downloading pytz-2025.2-py2.py3-none-any.whl (509 kB)
     ━━━━━━━━━━━━━━━━━━━━━━━━━━━━━━━━━━━━━━━━ 509.2/509.2 kB 47.6 MB/s eta 0:00:00
Collecting PyYAML==6.0.3
  Downloading pyyaml-6.0.3-cp311-cp311-manylinux2014_x86_64.manylinux_2_17_x86_64.manylinux_2_28_x86_64.whl (806 kB)
     ━━━━━━━━━━━━━━━━━━━━━━━━━━━━━━━━━━━━━━━━ 806.6/806.6 kB 51.6 MB/s eta 0:00:00
Collecting six==1.17.0
  Downloading six-1.17.0-py2.py3-none-any.whl (11 kB)
Collecting tzdata==2025.2
  Downloading tzdata-2025.2-py2.py3-none-any.whl (347 kB)
     ━━━━━━━━━━━━━━━━━━━━━━━━━━━━━━━━━━━━━━━━ 347.8/347.8 kB 38.3 MB/s eta 0:00:00
Collecting yamale==6.0.0
  Downloading yamale-6.0.0-py3-none-any.whl (57 kB)
     ━━━━━━━━━━━━━━━━━━━━━━━━━━━━━━━━━━━━━━━━ 57.9/57.9 kB 8.8 MB/s eta 0:00:00
Collecting requests==2.32.4
  Downloading requests-2.32.4-py3-none-any.whl (64 kB)
     ━━━━━━━━━━━━━━━━━━━━━━━━━━━━━━━━━━━━━━━━ 64.8/64.8 kB 12.5 MB/s eta 0:00:00
Collecting fastapi==0.116.1
  Downloading fastapi-0.116.1-py3-none-any.whl (95 kB)
     ━━━━━━━━━━━━━━━━━━━━━━━━━━━━━━━━━━━━━━━━ 95.6/95.6 kB 16.0 MB/s eta 0:00:00
Collecting prettytable==3.16.0
  Downloading prettytable-3.16.0-py3-none-any.whl (33 kB)
Collecting uvicorn==0.35.0
  Downloading uvicorn-0.35.0-py3-none-any.whl (66 kB)
     ━━━━━━━━━━━━━━━━━━━━━━━━━━━━━━━━━━━━━━━━ 66.4/66.4 kB 13.1 MB/s eta 0:00:00
Collecting python-multipart==0.0.20
  Downloading python_multipart-0.0.20-py3-none-any.whl (24 kB)
Collecting charset_normalizer<4,>=2
  Downloading charset_normalizer-3.4.4-cp311-cp311-manylinux2014_x86_64.manylinux_2_17_x86_64.manylinux_2_28_x86_64.whl (151 kB)
     ━━━━━━━━━━━━━━━━━━━━━━━━━━━━━━━━━━━━━━━━ 151.6/151.6 kB 22.9 MB/s eta 0:00:00
Collecting idna<4,>=2.5
  Downloading idna-3.11-py3-none-any.whl (71 kB)
     ━━━━━━━━━━━━━━━━━━━━━━━━━━━━━━━━━━━━━━━━ 71.0/71.0 kB 13.8 MB/s eta 0:00:00
Collecting urllib3<3,>=1.21.1
  Downloading urllib3-2.5.0-py3-none-any.whl (129 kB)
     ━━━━━━━━━━━━━━━━━━━━━━━━━━━━━━━━━━━━━━━━ 129.8/129.8 kB 22.0 MB/s eta 0:00:00
Collecting certifi>=2017.4.17
  Downloading certifi-2025.11.12-py3-none-any.whl (159 kB)
     ━━━━━━━━━━━━━━━━━━━━━━━━━━━━━━━━━━━━━━━━ 159.4/159.4 kB 21.3 MB/s eta 0:00:00
Collecting starlette<0.48.0,>=0.40.0
  Downloading starlette-0.47.3-py3-none-any.whl (72 kB)
     ━━━━━━━━━━━━━━━━━━━━━━━━━━━━━━━━━━━━━━━━ 73.0/73.0 kB 13.4 MB/s eta 0:00:00
Collecting pydantic!=1.8,!=1.8.1,!=2.0.0,!=2.0.1,!=2.1.0,<3.0.0,>=1.7.4
  Downloading pydantic-2.12.4-py3-none-any.whl (463 kB)
     ━━━━━━━━━━━━━━━━━━━━━━━━━━━━━━━━━━━━━━━━ 463.4/463.4 kB 40.4 MB/s eta 0:00:00
Collecting typing-extensions>=4.8.0
  Downloading typing_extensions-4.15.0-py3-none-any.whl (44 kB)
     ━━━━━━━━━━━━━━━━━━━━━━━━━━━━━━━━━━━━━━━━ 44.6/44.6 kB 8.6 MB/s eta 0:00:00
Collecting wcwidth
  Downloading wcwidth-0.2.14-py2.py3-none-any.whl (37 kB)
Collecting h11>=0.8
  Downloading h11-0.16.0-py3-none-any.whl (37 kB)
Collecting annotated-types>=0.6.0
  Downloading annotated_types-0.7.0-py3-none-any.whl (13 kB)
Collecting pydantic-core==2.41.5
  Downloading pydantic_core-2.41.5-cp311-cp311-manylinux_2_17_x86_64.manylinux2014_x86_64.whl (2.1 MB)
     ━━━━━━━━━━━━━━━━━━━━━━━━━━━━━━━━━━━━━━━━ 2.1/2.1 MB 62.8 MB/s eta 0:00:00
Collecting typing-inspection>=0.4.2
  Downloading typing_inspection-0.4.2-py3-none-any.whl (14 kB)
Collecting anyio<5,>=3.6.2
  Downloading anyio-4.11.0-py3-none-any.whl (109 kB)
     ━━━━━━━━━━━━━━━━━━━━━━━━━━━━━━━━━━━━━━━━ 109.1/109.1 kB 21.4 MB/s eta 0:00:00
Collecting sniffio>=1.1
  Downloading sniffio-1.3.1-py3-none-any.whl (10 kB)
Installing collected packages: pytz, wcwidth, urllib3, tzdata, typing-extensions, sniffio, six, PyYAML, python-multipart, pyflakes, pycodestyle, numpy, mccabe, MarkupSafe, lxml, idna, h11, click, charset_normalizer, certifi, annotated-types, yamale, uvicorn, typing-inspection, requests, python-dateutil, pydantic-core, prettytable, Jinja2, flake8, autopep8, anyio, starlette, pydantic, pandas, fastapi
Successfully installed Jinja2-3.1.6 MarkupSafe-3.0.2 PyYAML-6.0.3 annotated-types-0.7.0 anyio-4.11.0 autopep8-2.3.2 certifi-2025.11.12 charset_normalizer-3.4.4 click-8.3.0 fastapi-0.116.1 flake8-7.3.0 h11-0.16.0 idna-3.11 lxml-6.0.2 mccabe-0.7.0 numpy-2.3.3 pandas-2.3.3 prettytable-3.16.0 pycodestyle-2.14.0 pydantic-2.12.4 pydantic-core-2.41.5 pyflakes-3.4.0 python-dateutil-2.9.0.post0 python-multipart-0.0.20 pytz-2025.2 requests-2.32.4 six-1.17.0 sniffio-1.3.1 starlette-0.47.3 typing-extensions-4.15.0 typing-inspection-0.4.2 tzdata-2025.2 urllib3-2.5.0 uvicorn-0.35.0 wcwidth-0.2.14 yamale-6.0.0
echo /home/jeremy_leeder/dagify-main
/home/jeremy_leeder/dagify-main
jeremy_leeder@btln000629:~/dagify-main$ source venv/bin/activate
(venv) jeremy_leeder@btln000629:~/dagify-main$ python ./DAGify.py -h
Usage: DAGify.py [OPTIONS]

  Run dagify.

Options:
  -s, --source-path TEXT     Path to source files for conversion  [default:
                             (./source)]
  -o, --output-path TEXT     Path to output files after conversion.  [default:
                             (./output)]
  -c, --config-file TEXT     Path to dagify configuration file.  [default:
                             (./config.yaml)]
  -t, --templates TEXT       Path to dagify configuration file.  [default:
                             (./dagify/templates)]
  -d, --dag-divider TEXT     Which field in Job Definition should be used to
                             divide up DAGS.
  -r, --report               Generate report in txt and json format which
                             gives an overview of job_types converted
  --tool [controlm|automic]  Type of conversion ('controlm' or 'automic')
                             [default: (controlm)]
  -h, --help                 Show this message and exit.
(venv) jeremy_leeder@btln000629:~/dagify-main$ 
(venv) jeremy_leeder@btln000629:~/dagify-main$ python3 ./DAGify.py -s /home/jeremy_leeder/dagify-main/telus/data/BIL-EXF.DRF.xml -o /home/jeremy_leeder/dagify-main/telus/output/

python3 ./DAGify.py -s /home/jeremy_leeder/dagify-main/telus/data/BIL-EXF.DRF.xml -o /home/jeremy_leeder/dagify-main/telus/output/
python3 ./DAGify.py -s /home/jeremy_leeder/dagify-main/telus/data/OMG-VPOP.DRF.xml -o /home/jeremy_leeder/dagify-main/telus/output/

gcloud storage cp -r /home/jeremy_leeder/dagify-main/telus/output/BIL-EXF/* gs://northamerica-northeast1-bat-f6f9734c-bucket/dags/
gcloud storage cp -r /home/jeremy_leeder/dagify-main/telus/output/OMG-VPOP/* gs://northamerica-northeast1-bat-f6f9734c-bucket/dags/
